// Jest Snapshot v1, https://goo.gl/fbAQLP

exports[`should render CarDetailsPage correctly 1`] = `
<HomePage
  cars={
    Object {
      "car": Object {
        "modelName": "i3",
      },
    }
  }
  carsActions={
    Object {
      "addFavoriteCar": [Function],
      "addFavoriteCarFailure": [Function],
      "addFavoriteCarRequest": [Function],
      "addFavoriteCarSuccess": [Function],
      "getAllCars": [Function],
      "getCarsFailure": [Function],
      "getCarsRequest": [Function],
      "getCarsSuccess": [Function],
      "getSingleCar": [Function],
      "getSingleCarFailure": [Function],
      "getSingleCarRequest": [Function],
      "getSingleCarSuccess": [Function],
      "removeFavoriteCar": [Function],
      "removeFavoriteCarFailure": [Function],
      "removeFavoriteCarRequest": [Function],
      "removeFavoriteCarSuccess": [Function],
    }
  }
  dispatch={[Function]}
  store={
    Object {
      "clearActions": [Function],
      "dispatch": [Function],
      "getActions": [Function],
      "getState": [Function],
      "replaceReducer": [Function],
      "subscribe": [Function],
    }
  }
  storeSubscription={
    Subscription {
      "listeners": Object {
        "clear": [Function],
        "get": [Function],
        "notify": [Function],
        "subscribe": [Function],
      },
      "onStateChange": [Function],
      "parentSub": undefined,
      "store": Object {
        "clearActions": [Function],
        "dispatch": [Function],
        "getActions": [Function],
        "getState": [Function],
        "replaceReducer": [Function],
        "subscribe": [Function],
      },
      "unsubscribe": [Function],
    }
  }
/>
`;

exports[`should render CarDetailsPage with alt data correctly 1`] = `
<HomePage
  cars={
    Object {
      "car": Object {
        "modelName": "i3",
      },
    }
  }
  carsActions={
    Object {
      "addFavoriteCar": [Function],
      "addFavoriteCarFailure": [Function],
      "addFavoriteCarRequest": [Function],
      "addFavoriteCarSuccess": [Function],
      "getAllCars": [Function],
      "getCarsFailure": [Function],
      "getCarsRequest": [Function],
      "getCarsSuccess": [Function],
      "getSingleCar": [Function],
      "getSingleCarFailure": [Function],
      "getSingleCarRequest": [Function],
      "getSingleCarSuccess": [Function],
      "removeFavoriteCar": [Function],
      "removeFavoriteCarFailure": [Function],
      "removeFavoriteCarRequest": [Function],
      "removeFavoriteCarSuccess": [Function],
    }
  }
  dispatch={[Function]}
  store={
    Object {
      "clearActions": [Function],
      "dispatch": [Function],
      "getActions": [Function],
      "getState": [Function],
      "replaceReducer": [Function],
      "subscribe": [Function],
    }
  }
  storeSubscription={
    Subscription {
      "listeners": Object {
        "clear": [Function],
        "get": [Function],
        "notify": [Function],
        "subscribe": [Function],
      },
      "onStateChange": [Function],
      "parentSub": undefined,
      "store": Object {
        "clearActions": [Function],
        "dispatch": [Function],
        "getActions": [Function],
        "getState": [Function],
        "replaceReducer": [Function],
        "subscribe": [Function],
      },
      "unsubscribe": [Function],
    }
  }
/>
`;
