// Jest Snapshot v1, https://goo.gl/fbAQLP

exports[`should render Footer correctly 1`] = `
<footer
  className="footer"
>
  <p
    className="footer__text"
  >
    Â© AUTO1 Group 2018
  </p>
</footer>
`;
