// Jest Snapshot v1, https://goo.gl/fbAQLP

exports[`should render NotFound correctly 1`] = `
<Fragment>
  <Header />
  <div
    className="not-found__container"
  >
    <div
      className="not-found"
    >
      <img
        alt="Auto1"
        className="not-found__logo"
        src="test-file-stub"
      />
      <h2
        className="not-found__text--dark not-found__text-extra-large"
      >
        404 - Not Found
      </h2>
      <p
        className="not-found__text--medium not-found__text--dark"
      >
        Sorry, the page you are looking for does not exist.
      </p>
      <p
        className="not-found__text--medium"
      >
        You can always go back to the
        <Link
          className="not-found__link"
          replace={false}
          to="/"
        >
           homepage
        </Link>
      </p>
    </div>
  </div>
</Fragment>
`;
